
dhruv@SpaceJet MINGW64 ~ (master)
$ mkdir gitassignment3

dhruv@SpaceJet MINGW64 ~ (master)
$ cd gitassignment3

dhruv@SpaceJet MINGW64 ~/gitassignment3 (master)
$ git init
Initialized empty Git repository in C:/Users/dhruv/gitassignment3/.git/

dhruv@SpaceJet MINGW64 ~/gitassignment3 (master)
$ git branch Develop
git branch F1
git branch f2
fatal: not a valid object name: 'master'
fatal: not a valid object name: 'master'
fatal: not a valid object name: 'master'

dhruv@SpaceJet MINGW64 ~/gitassignment3 (master)
$ git branch develop
fatal: not a valid object name: 'master'

dhruv@SpaceJet MINGW64 ~/gitassignment3 (master)
$ ^C

dhruv@SpaceJet MINGW64 ~/gitassignment3 (master)
$ git branch

dhruv@SpaceJet MINGW64 ~/gitassignment3 (master)
$ git config --global color.ui auto

dhruv@SpaceJet MINGW64 ~/gitassignment3 (master)
$ git branch

dhruv@SpaceJet MINGW64 ~/gitassignment3 (master)
$  git log
fatal: your current branch 'master' does not have any commits yet

dhruv@SpaceJet MINGW64 ~/gitassignment3 (master)
$ ls -ltr
total 0

dhruv@SpaceJet MINGW64 ~/gitassignment3 (master)
$ ls

dhruv@SpaceJet MINGW64 ~/gitassignment3 (master)
$ ltr
bash: ltr: command not found

dhruv@SpaceJet MINGW64 ~/gitassignment3 (master)
$ cd

dhruv@SpaceJet MINGW64 ~ (master)
$ ls
 AppData/
'Application Data'@
 Contacts/
 Cookies@
 Documents/
 Downloads/
 Favorites/
 Games/
 Links/
'Local Settings'@
 Microsoft/
 Music/
'My Documents'@
 NTUSER.DAT
 NTUSER.DAT{41d990c5-5b2e-11ee-af12-e40d36aaddb7}.TM.blf
 NTUSER.DAT{41d990c5-5b2e-11ee-af12-e40d36aaddb7}.TMContainer00000000000000000001.regtrans-ms
 NTUSER.DAT{41d990c5-5b2e-11ee-af12-e40d36aaddb7}.TMContainer00000000000000000002.regtrans-ms
 NetHood@
 OneDrive/
 PrintHood@
'Python assignment 2.ipynb'
 Python_Basic_Assignment.ipynb
 Recent@
'Saved Games'/
 Searches/
 SendTo@
'Start Menu'@
 Templates@
 Untitled.ipynb
 Untitled1.ipynb
 Videos/
 anaconda3/
 ansel/
 assignment1/
 assigntment1/
 gitassignment3/
 ntuser.dat.LOG1
 ntuser.dat.LOG2
 ntuser.ini
'python Assignment.ipynb'

dhruv@SpaceJet MINGW64 ~ (master)
$ cd gitassignment3

dhruv@SpaceJet MINGW64 ~/gitassignment3 (master)
$ ls

dhruv@SpaceJet MINGW64 ~/gitassignment3 (master)
$ git branch Develop
fatal: not a valid object name: 'master'

dhruv@SpaceJet MINGW64 ~/gitassignment3 (master)
$ git branch [develop]
fatal: '[develop]' is not a valid branch name

dhruv@SpaceJet MINGW64 ~/gitassignment3 (master)
$ ls -a
./  ../  .git/

dhruv@SpaceJet MINGW64 ~/gitassignment3 (master)
$ git init
Reinitialized existing Git repository in C:/Users/dhruv/gitassignment3/.git/

dhruv@SpaceJet MINGW64 ~/gitassignment3 (master)
$ git branch Develop
fatal: not a valid object name: 'master'

dhruv@SpaceJet MINGW64 ~/gitassignment3 (master)
$ touch main.txt

dhruv@SpaceJet MINGW64 ~/gitassignment3 (master)
$ git add main.txt

dhruv@SpaceJet MINGW64 ~/gitassignment3 (master)
$ git commit -m "Initial commit"
[master (root-commit) a9f7e99] Initial commit
 1 file changed, 0 insertions(+), 0 deletions(-)
 create mode 100644 main.txt

dhruv@SpaceJet MINGW64 ~/gitassignment3 (master)
$ git --version
git version 2.44.0.windows.1

dhruv@SpaceJet MINGW64 ~/gitassignment3 (master)
$ git checkout -b master
fatal: a branch named 'master' already exists

dhruv@SpaceJet MINGW64 ~/gitassignment3 (master)
$ git branch Develop

dhruv@SpaceJet MINGW64 ~/gitassignment3 (master)
$ git branch F1

dhruv@SpaceJet MINGW64 ~/gitassignment3 (master)
$ git branch f2

dhruv@SpaceJet MINGW64 ~/gitassignment3 (master)
$ ls
main.txt

dhruv@SpaceJet MINGW64 ~/gitassignment3 (master)
$ ls
main.txt

dhruv@SpaceJet MINGW64 ~/gitassignment3 (master)
$ git branch
  Develop
  F1
  f2
* master

dhruv@SpaceJet MINGW64 ~/gitassignment3 (master)
$ git checkout Develop
Switched to branch 'Develop'

dhruv@SpaceJet MINGW64 ~/gitassignment3 (Develop)
$ echo This is all the contents for Develop > Develop.txt

dhruv@SpaceJet MINGW64 ~/gitassignment3 (Develop)
$ ls
Develop.txt  main.txt

dhruv@SpaceJet MINGW64 ~/gitassignment3 (Develop)
$ cd ..

dhruv@SpaceJet MINGW64 ~ (master)
$ ls
 AppData/
'Application Data'@
 Contacts/
 Cookies@
 Documents/
 Downloads/
 Favorites/
 Games/
 Links/
'Local Settings'@
 Microsoft/
 Music/
'My Documents'@
 NTUSER.DAT
 NTUSER.DAT{41d990c5-5b2e-11ee-af12-e40d36aaddb7}.TM.blf
 NTUSER.DAT{41d990c5-5b2e-11ee-af12-e40d36aaddb7}.TMContainer00000000000000000001.regtrans-ms
 NTUSER.DAT{41d990c5-5b2e-11ee-af12-e40d36aaddb7}.TMContainer00000000000000000002.regtrans-ms
 NetHood@
 OneDrive/
 PrintHood@
'Python assignment 2.ipynb'
 Python_Basic_Assignment.ipynb
 Recent@
'Saved Games'/
 Searches/
 SendTo@
'Start Menu'@
 Templates@
 Untitled.ipynb
 Untitled1.ipynb
 Videos/
 anaconda3/
 ansel/
 assignment1/
 assigntment1/
 gitassignment3/
 ntuser.dat.LOG1
 ntuser.dat.LOG2
 ntuser.ini
'python Assignment.ipynb'

dhruv@SpaceJet MINGW64 ~ (master)
$ cd gitassignment3

dhruv@SpaceJet MINGW64 ~/gitassignment3 (Develop)
$ ls
Develop.txt  main.txt

dhruv@SpaceJet MINGW64 ~/gitassignment3 (Develop)
$ cd .

dhruv@SpaceJet MINGW64 ~/gitassignment3 (Develop)
$ cd

dhruv@SpaceJet MINGW64 ~ (master)
$ ls
 AppData/
'Application Data'@
 Contacts/
 Cookies@
 Documents/
 Downloads/
 Favorites/
 Games/
 Links/
'Local Settings'@
 Microsoft/
 Music/
'My Documents'@
 NTUSER.DAT
 NTUSER.DAT{41d990c5-5b2e-11ee-af12-e40d36aaddb7}.TM.blf
 NTUSER.DAT{41d990c5-5b2e-11ee-af12-e40d36aaddb7}.TMContainer00000000000000000001.regtrans-ms
 NTUSER.DAT{41d990c5-5b2e-11ee-af12-e40d36aaddb7}.TMContainer00000000000000000002.regtrans-ms
 NetHood@
 OneDrive/
 PrintHood@
'Python assignment 2.ipynb'
 Python_Basic_Assignment.ipynb
 Recent@
'Saved Games'/
 Searches/
 SendTo@
'Start Menu'@
 Templates@
 Untitled.ipynb
 Untitled1.ipynb
 Videos/
 anaconda3/
 ansel/
 assignment1/
 assigntment1/
 gitassignment3/
 ntuser.dat.LOG1
 ntuser.dat.LOG2
 ntuser.ini
'python Assignment.ipynb'

dhruv@SpaceJet MINGW64 ~ (master)
$ cd gitassignment3

dhruv@SpaceJet MINGW64 ~/gitassignment3 (Develop)
$ ls
Develop.txt  main.txt

dhruv@SpaceJet MINGW64 ~/gitassignment3 (Develop)
$ git branch
* Develop
  F1
  f2
  master

dhruv@SpaceJet MINGW64 ~/gitassignment3 (Develop)
$ git branch F1
fatal: a branch named 'F1' already exists

dhruv@SpaceJet MINGW64 ~/gitassignment3 (Develop)
$ git checkout f1
Switched to branch 'f1'

dhruv@SpaceJet MINGW64 ~/gitassignment3 (f1)
$ echo > f1.txt

dhruv@SpaceJet MINGW64 ~/gitassignment3 (f1)
$ git branch f2
fatal: a branch named 'f2' already exists

dhruv@SpaceJet MINGW64 ~/gitassignment3 (f1)
$ git checkout f2
Switched to branch 'f2'

dhruv@SpaceJet MINGW64 ~/gitassignment3 (f2)
$ echo > f2.txt

dhruv@SpaceJet MINGW64 ~/gitassignment3 (f2)
$ git push -u origin master
fatal: 'origin' does not appear to be a git repository
fatal: Could not read from remote repository.

Please make sure you have the correct access rights
and the repository exists.

dhruv@SpaceJet MINGW64 ~/gitassignment3 (f2)
$ git remote add origin ^[[200~https://github.com/Dhruvhj/GitAssignment3~

dhruv@SpaceJet MINGW64 ~/gitassignment3 (f2)
$ git push -u origin master
fatal: protocol '?[200~https' is not supported

dhruv@SpaceJet MINGW64 ~/gitassignment3 (f2)
$  git remote add origin https://github.com/Dhruvhj/GitAssignment3~
error: remote origin already exists.

dhruv@SpaceJet MINGW64 ~/gitassignment3 (f2)
$ git push -u origin master
fatal: protocol '?[200~https' is not supported

dhruv@SpaceJet MINGW64 ~/gitassignment3 (f2)
$ git remove -v
git: 'remove' is not a git command. See 'git --help'.

The most similar command is
        remote

dhruv@SpaceJet MINGW64 ~/gitassignment3 (f2)
$ git remote -v
origin  https://github.com/Dhruvhj/GitAssignment3~ (fetch)
origin  https://github.com/Dhruvhj/GitAssignment3~ (push)

dhruv@SpaceJet MINGW64 ~/gitassignment3 (f2)
$ git remove remote origin
git: 'remove' is not a git command. See 'git --help'.

The most similar command is
        remote

dhruv@SpaceJet MINGW64 ~/gitassignment3 (f2)
$ git remote remove origin

dhruv@SpaceJet MINGW64 ~/gitassignment3 (f2)
$ git remote add origin ^[[200~fatal: protocol '?[200~https' is not supported
usage: git remote add [<options>] <name> <url>

    -f, --[no-]fetch      fetch the remote branches
    --[no-]tags           import all tags and associated objects when fetching
                          or do not fetch any tag at all (--no-tags)
    -t, --[no-]track <branch>
                          branch(es) to track
    -m, --[no-]master <branch>
                          master branch
    --[no-]mirror[=(push|fetch)]
                          set up remote as a mirror to push to or fetch from


dhruv@SpaceJet MINGW64 ~/gitassignment3 (f2)
$ git remote add origin https://github.com/Dhruvhj/GitAssignment3

dhruv@SpaceJet MINGW64 ~/gitassignment3 (f2)
$ git push -u origin master
Enumerating objects: 3, done.
Counting objects: 100% (3/3), done.
Writing objects: 100% (3/3), 216 bytes | 216.00 KiB/s, done.
Total 3 (delta 0), reused 0 (delta 0), pack-reused 0 (from 0)
To https://github.com/Dhruvhj/GitAssignment3
 * [new branch]      master -> master
branch 'master' set up to track 'origin/master'.

dhruv@SpaceJet MINGW64 ~/gitassignment3 (f2)
$ git push -u origin Develop
gTotal 0 (delta 0), reused 0 (delta 0), pack-reused 0 (from 0)
it remote:
remote: Create a pull request for 'Develop' on GitHub by visiting:
remote:      https://github.com/Dhruvhj/GitAssignment3/pull/new/Develop
remote:
To https://github.com/Dhruvhj/GitAssignment3
 * [new branch]      Develop -> Develop
branch 'Develop' set up to track 'origin/Develop'.

dhruv@SpaceJet MINGW64 ~/gitassignment3 (f2)
$ git push -u origin F1
gitTotal 0 (delta 0), reused 0 (delta 0), pack-reused 0 (from 0)
 pusremote:
remote: Create a pull request for 'F1' on GitHub by visiting:
remote:      https://github.com/Dhruvhj/GitAssignment3/pull/new/F1
remote:
To https://github.com/Dhruvhj/GitAssignment3
 * [new branch]      F1 -> F1
branch 'F1' set up to track 'origin/F1'.
h
dhruv@SpaceJet MINGW64 ~/gitassignment3 (f2)
$ git push -u origin f2
Total 0 (delta 0), reused 0 (delta 0), pack-reused 0 (from 0)
remote:
remote: Create a pull request for 'f2' on GitHub by visiting:
remote:      https://github.com/Dhruvhj/GitAssignment3/pull/new/f2
remote:
To https://github.com/Dhruvhj/GitAssignment3
 * [new branch]      f2 -> f2
branch 'f2' set up to track 'origin/f2'.

dhruv@SpaceJet MINGW64 ~/gitassignment3 (f2)
$ git checkout master
Switched to branch 'master'
Your branch is up to date with 'origin/master'.

dhruv@SpaceJet MINGW64 ~/gitassignment3 (master)
$ git branch -d f2
Deleted branch f2 (was a9f7e99).

dhruv@SpaceJet MINGW64 ~/gitassignment3 (master)
$ git branch
  Develop
  F1
* master

dhruv@SpaceJet MINGW64 ~/gitassignment3 (master)
$ git push origin --delete f2
To https://github.com/Dhruvhj/GitAssignment3
 - [deleted]         f2

dhruv@SpaceJet MINGW64 ~/gitassignment3 (master)
$
