dhruv@SpaceJet MINGW64 ~ (master)
$ mkdir GitAssignment5

dhruv@SpaceJet MINGW64 ~ (master)
$ cd GitAssignment5

dhruv@SpaceJet MINGW64 ~/GitAssignment5 (master)
$ git init
Initialized empty Git repository in C:/Users/dhruv/GitAssignment5/.git/

dhruv@SpaceJet MINGW64 ~/GitAssignment5 (master)
$ echo "initial content"> README.md

dhruv@SpaceJet MINGW64 ~/GitAssignment5 (master)
$ git add README.MD

dhruv@SpaceJet MINGW64 ~/GitAssignment5 (master)
$ git commit -m "initial commit"
On branch master

Initial commit

Untracked files:
  (use "git add <file>..." to include in what will be committed)
        README.md

nothing added to commit but untracked files present (use "git add" to track)

dhruv@SpaceJet MINGW64 ~/GitAssignment5 (master)
$ git branch develop
fatal: not a valid object name: 'master'

dhruv@SpaceJet MINGW64 ~/GitAssignment5 (master)
$ git branch

dhruv@SpaceJet MINGW64 ~/GitAssignment5 (master)
$ git branch develop
fatal: not a valid object name: 'master'

dhruv@SpaceJet MINGW64 ~/GitAssignment5 (master)
$ git init
Reinitialized existing Git repository in C:/Users/dhruv/GitAssignment5/.git/

dhruv@SpaceJet MINGW64 ~/GitAssignment5 (master)
$ git add README.md
warning: in the working copy of 'README.md', LF will be replaced by CRLF the next time Git touches it

dhruv@SpaceJet MINGW64 ~/GitAssignment5 (master)
$ git commit -m "initial commit"
[master (root-commit) 8175d45] initial commit
 1 file changed, 1 insertion(+)
 create mode 100644 README.md

dhruv@SpaceJet MINGW64 ~/GitAssignment5 (master)
$ git branch develop

dhruv@SpaceJet MINGW64 ~/GitAssignment5 (master)
$ git checkout -b feature/feature1 develop
Switched to a new branch 'feature/feature1'

dhruv@SpaceJet MINGW64 ~/GitAssignment5 (feature/feature1)
$ echo "content for feature1" > feature1.txt

dhruv@SpaceJet MINGW64 ~/GitAssignment5 (feature/feature1)
$ git add feature1.txt
warning: in the working copy of 'feature1.txt', LF will be replaced by CRLF the next time Git touches it

dhruv@SpaceJet MINGW64 ~/GitAssignment5 (feature/feature1)
$ git commit -m "add feature1.txt"
[feature/feature1 91514d7] add feature1.txt
 1 file changed, 1 insertion(+)
 create mode 100644 feature1.txt

dhruv@SpaceJet MINGW64 ~/GitAssignment5 (feature/feature1)
$ git checkout develop
Switched to branch 'develop'

dhruv@SpaceJet MINGW64 ~/GitAssignment5 (develop)
$ git merge feature/feature1
Updating 8175d45..91514d7
Fast-forward
 feature1.txt | 1 +
 1 file changed, 1 insertion(+)
 create mode 100644 feature1.txt

dhruv@SpaceJet MINGW64 ~/GitAssignment5 (develop)
$ git branch -d feature/feature1
Deleted branch feature/feature1 (was 91514d7).

dhruv@SpaceJet MINGW64 ~/GitAssignment5 (develop)
$ git checkout -b release/release1 develop
Switched to a new branch 'release/release1'

dhruv@SpaceJet MINGW64 ~/GitAssignment5 (release/release1)
$ git checkout master
Switched to branch 'master'

dhruv@SpaceJet MINGW64 ~/GitAssignment5 (master)
$ git merge release/release1
Updating 8175d45..91514d7
Fast-forward
 feature1.txt | 1 +
 1 file changed, 1 insertion(+)
 create mode 100644 feature1.txt

dhruv@SpaceJet MINGW64 ~/GitAssignment5 (master)
$ git branch -d release/release1
Deleted branch release/release1 (was 91514d7).

dhruv@SpaceJet MINGW64 ~/GitAssignment5 (master)
$ echo "urgent content" > urgent.txt

dhruv@SpaceJet MINGW64 ~/GitAssignment5 (master)
$ git add urgent.txt
warning: in the working copy of 'urgent.txt', LF will be replaced by CRLF the next time Git touches it

dhruv@SpaceJet MINGW64 ~/GitAssignment5 (master)
$ git commit -m "add urgent.txt due to hotfix"
[master bb28c2b] add urgent.txt due to hotfix
 1 file changed, 1 insertion(+)
 create mode 100644 urgent.txt

dhruv@SpaceJet MINGW64 ~/GitAssignment5 (master)
$
