dhruv@SpaceJet MINGW64 ~/assignment1 (master)
$ touch code.txt

dhruv@SpaceJet MINGW64 ~/assignment1 (master)
$ touch log.txt output.txt

dhruv@SpaceJet MINGW64 ~/assignment1 (master)
$ git init
Initialized empty Git repository in C:/Users/dhruv/assignment1/.git/

dhruv@SpaceJet MINGW64 ~/assignment1 (master)
$ git commit -m "commit with code and output texts"
On branch master

Initial commit

Untracked files:
  (use "git add <file>..." to include in what will be committed)
        code.txt
        log.txt
        output.txt

nothing added to commit but untracked files present (use "git add" to tra

dhruv@SpaceJet MINGW64 ~/assignment1 (master)
$ git add code.txt log.txt output.txt

dhruv@SpaceJet MINGW64 ~/assignment1 (master)
$ git commit -m " commit with code and output texts"
[master (root-commit) bd65cfa]  commit with code and output texts
 3 files changed, 0 insertions(+), 0 deletions(-)
 create mode 100644 code.txt
 create mode 100644 log.txt
 create mode 100644 output.txt

dhruv@SpaceJet MINGW64 ~/assignment1 (master)
$ git remote add origin https://github.com/Dhruvhj/git-assignment

dhruv@SpaceJet MINGW64 ~/assignment1 (master)
$ git push -u origin master
Enumerating objects: 3, done.
Counting objects: 100% (3/3), done.
Delta compression using up to 24 threads
Compressing objects: 100% (2/2), done.
Writing objects: 100% (3/3), 245 bytes | 245.00 KiB/s, done.
Total 3 (delta 0), reused 0 (delta 0), pack-reused 0 (from 0)
To https://github.com/Dhruvhj/git-assignment
 * [new branch]      master -> master
branch 'master' set up to track 'origin/master'.

dhruv@SpaceJet MINGW64 ~/assignment1 (master)
$ ^C

dhruv@SpaceJet MINGW64 ~/assignment1 (master)
$
